V3 31
FL "C:/Users/MariuszKomp/Desktop/Praca inzynierska/08 Oprogramowanie/1 FLAG/Spartan 3E/ipcore_dir/slave_fifo_buffer_1flag.vhd" 2015/01/10.14:17:38 P.15xf
EN work/slave_fifo_buffer_1flag 1420987197 \
      FL "C:/Users/MariuszKomp/Desktop/Praca inzynierska/08 Oprogramowanie/1 FLAG/Spartan 3E/ipcore_dir/slave_fifo_buffer_1flag.vhd" \
      PB ieee/std_logic_1164 1335251622
AR work/slave_fifo_buffer_1flag/slave_fifo_buffer_1flag_a 1420987198 \
      FL "C:/Users/MariuszKomp/Desktop/Praca inzynierska/08 Oprogramowanie/1 FLAG/Spartan 3E/ipcore_dir/slave_fifo_buffer_1flag.vhd" \
      EN work/slave_fifo_buffer_1flag 1420987197
FL "C:/Users/MariuszKomp/Desktop/Praca inzynierska/08 Oprogramowanie/1 FLAG/Spartan 3E/slave_fifo_dcm_1flag.vhd" 2015/01/10.14:09:29 P.15xf
EN work/slave_fifo_dcm_1flag 1420987199 \
      FL "C:/Users/MariuszKomp/Desktop/Praca inzynierska/08 Oprogramowanie/1 FLAG/Spartan 3E/slave_fifo_dcm_1flag.vhd" \
      PB ieee/std_logic_1164 1335251622 PB ieee/NUMERIC_STD 1335251627 LB UNISIM \
      PH unisim/VCOMPONENTS 1335251629
AR work/slave_fifo_dcm_1flag/BEHAVIORAL 1420987200 \
      FL "C:/Users/MariuszKomp/Desktop/Praca inzynierska/08 Oprogramowanie/1 FLAG/Spartan 3E/slave_fifo_dcm_1flag.vhd" \
      EN work/slave_fifo_dcm_1flag 1420987199 CP IBUFG CP BUFG CP DCM_SP
FL "C:/Users/MariuszKomp/Desktop/Praca inzynierska/08 Oprogramowanie/1 FLAG/Spartan 3E/slave_fifo_lcd_controller_1flag.vhd" 2015/01/05.12:50:00 P.15xf
EN work/lcd_controller 1420987201 \
      FL "C:/Users/MariuszKomp/Desktop/Praca inzynierska/08 Oprogramowanie/1 FLAG/Spartan 3E/slave_fifo_lcd_controller_1flag.vhd" \
      PB ieee/std_logic_1164 1335251622
AR work/lcd_controller/lcd_controller_arch 1420987202 \
      FL "C:/Users/MariuszKomp/Desktop/Praca inzynierska/08 Oprogramowanie/1 FLAG/Spartan 3E/slave_fifo_lcd_controller_1flag.vhd" \
      EN work/lcd_controller 1420987201
FL "C:/Users/MariuszKomp/Desktop/Praca inzynierska/08 Oprogramowanie/1 FLAG/Spartan 3E/slave_fifo_loopback_1flag.vhd" 2015/01/10.22:22:20 P.15xf
EN work/slave_fifo_loopback 1420987207 \
      FL "C:/Users/MariuszKomp/Desktop/Praca inzynierska/08 Oprogramowanie/1 FLAG/Spartan 3E/slave_fifo_loopback_1flag.vhd" \
      PB ieee/std_logic_1164 1335251622 PB ieee/std_logic_arith 1335251623 \
      PB ieee/STD_LOGIC_UNSIGNED 1335251625
AR work/slave_fifo_loopback/loopback_arch 1420987208 \
      FL "C:/Users/MariuszKomp/Desktop/Praca inzynierska/08 Oprogramowanie/1 FLAG/Spartan 3E/slave_fifo_loopback_1flag.vhd" \
      EN work/slave_fifo_loopback 1420987207 CP slave_fifo_buffer_1flag
FL "C:/Users/MariuszKomp/Desktop/Praca inzynierska/08 Oprogramowanie/1 FLAG/Spartan 3E/slave_fifo_main_1flag.vhd" 2015/01/10.21:31:33 P.15xf
EN work/slave_fifo_main 1420987209 \
      FL "C:/Users/MariuszKomp/Desktop/Praca inzynierska/08 Oprogramowanie/1 FLAG/Spartan 3E/slave_fifo_main_1flag.vhd" \
      PB ieee/std_logic_1164 1335251622 PB ieee/std_logic_arith 1335251623 \
      PB ieee/STD_LOGIC_UNSIGNED 1335251625
AR work/slave_fifo_main/slave_fifo_arch 1420987210 \
      FL "C:/Users/MariuszKomp/Desktop/Praca inzynierska/08 Oprogramowanie/1 FLAG/Spartan 3E/slave_fifo_main_1flag.vhd" \
      EN work/slave_fifo_main 1420987209 CP slave_fifo_dcm_1flag CP lcd_controller \
      CP slave_fifo_stream_write_to_fx3 CP slave_fifo_stream_read_from_fx3 \
      CP slave_fifo_loopback
FL "C:/Users/MariuszKomp/Desktop/Praca inzynierska/08 Oprogramowanie/1 FLAG/Spartan 3E/slave_fifo_stream_read_from_fx3_1flag.vhd" 2015/01/10.16:36:55 P.15xf
EN work/slave_fifo_stream_read_from_fx3 1420987205 \
      FL "C:/Users/MariuszKomp/Desktop/Praca inzynierska/08 Oprogramowanie/1 FLAG/Spartan 3E/slave_fifo_stream_read_from_fx3_1flag.vhd" \
      PB ieee/std_logic_1164 1335251622 PB ieee/std_logic_arith 1335251623 \
      PB ieee/STD_LOGIC_UNSIGNED 1335251625
AR work/slave_fifo_stream_read_from_fx3/stream_read_from_fx3_arch 1420987206 \
      FL "C:/Users/MariuszKomp/Desktop/Praca inzynierska/08 Oprogramowanie/1 FLAG/Spartan 3E/slave_fifo_stream_read_from_fx3_1flag.vhd" \
      EN work/slave_fifo_stream_read_from_fx3 1420987205
FL "C:/Users/MariuszKomp/Desktop/Praca inzynierska/08 Oprogramowanie/1 FLAG/Spartan 3E/slave_fifo_stream_write_to_fx3_flag.vhd" 2015/01/10.16:13:12 P.15xf
EN work/slave_fifo_stream_write_to_fx3 1420987203 \
      FL "C:/Users/MariuszKomp/Desktop/Praca inzynierska/08 Oprogramowanie/1 FLAG/Spartan 3E/slave_fifo_stream_write_to_fx3_flag.vhd" \
      PB ieee/std_logic_1164 1335251622 PB ieee/std_logic_arith 1335251623 \
      PB ieee/STD_LOGIC_UNSIGNED 1335251625
AR work/slave_fifo_stream_write_to_fx3/stream_write_to_fx3_arch 1420987204 \
      FL "C:/Users/MariuszKomp/Desktop/Praca inzynierska/08 Oprogramowanie/1 FLAG/Spartan 3E/slave_fifo_stream_write_to_fx3_flag.vhd" \
      EN work/slave_fifo_stream_write_to_fx3 1420987203
